00:13:45 **** Auto Build of configuration Debug for project pong ****
make pre-build main-build 
a9-linaro-pre-build-step
' '
'Building file: ../src/helloworld.c'
'Invoking: ARM v7 gcc compiler'
arm-none-eabi-gcc -Wall -O0 -g3 -c -fmessage-length=0 -MT"src/helloworld.o" -mcpu=cortex-a9 -mfpu=vfpv3 -mfloat-abi=hard -I../../pong_bsp/ps7_cortexa9_0/include -MMD -MP -MF"src/helloworld.d" -MT"src/helloworld.o" -o "src/helloworld.o" "../src/helloworld.c"
../src/helloworld.c: In function 'main':
../src/helloworld.c:133:25: warning: comparison between pointer and integer
      else if(debouncer1 < DEBOUNCE_TIME)
                         ^
../src/helloworld.c:137:25: warning: comparison between pointer and integer
      else if(debouncer1 >= DEBOUNCE_TIME)
                         ^~
../src/helloworld.c:140:18: warning: assignment makes pointer from integer without a cast [-Wint-conversion]
       debouncer1 = DEBOUNCE_TIME;
                  ^
../src/helloworld.c:148:30: warning: comparison between pointer and integer
           else if(debouncer2 < DEBOUNCE_TIME)
                              ^
../src/helloworld.c:152:30: warning: comparison between pointer and integer
           else if(debouncer2 >= DEBOUNCE_TIME)
                              ^~
../src/helloworld.c:155:23: warning: assignment makes pointer from integer without a cast [-Wint-conversion]
            debouncer2 = DEBOUNCE_TIME;
                       ^
'Finished building: ../src/helloworld.c'
' '
'Building target: pong.elf'
'Invoking: ARM v7 gcc linker'
arm-none-eabi-gcc -mcpu=cortex-a9 -mfpu=vfpv3 -mfloat-abi=hard -Wl,-build-id=none -specs=Xilinx.spec -Wl,-T -Wl,../src/lscript.ld -L../../pong_bsp/ps7_cortexa9_0/lib -o "pong.elf"  ./src/helloworld.o ./src/platform.o   -Wl,--start-group,-lxil,-lgcc,-lc,--end-group
'Finished building target: pong.elf'
' '
'Invoking: ARM v7 Print Size'
arm-none-eabi-size pong.elf  |tee "pong.elf.size"
   text	   data	    bss	    dec	    hex	filename
  20396	   1144	  22568	  44108	   ac4c	pong.elf
'Finished building: pong.elf.size'
' '

00:13:46 Build Finished (took 754ms)

